Error on line 7: unexpected command -- D
Error on line 8: unexpected command -- F
G00
X7.4000 Y3.3000 
G00
Error on line 14: malformed X-value
Y2.2200 
X8.5000 Z2.2000 
Error on line 20: unknown code: 'x'
Error on line 20: unknown code: '4'
Error on line 20: unknown code: 'y'
Error on line 20: unknown code: '3'
Error on line 23: unexpected command -- R
Error on line 26: unexpected command -- Q
Error on line 29: unknown code: '^'
Error on line 29: unknown code: '&'
Error on line 29: unknown code: '4'
G02 X14.0000 Y8.0000 Z3.0000 I7.0000 J9.0000 K3.0000
Error on line 32: unexpected command -- R
Error on line 33: G02/03 improperly specified
G02 X1.0000 Y1.0000 Z1.0000 R17.0000 F4.00 
Error on line 35: G02/03 improperly specified
G02 X1.0000 Y1.0000 Z1.0000 I4.0000 J8.0000 K9.0000
G02 X1.0000 Y1.0000 Z1.0000 I4.0000 J8.0000 F11.00 
G02 X1.0000 Y1.0000 Z1.0000 I4.0000 J8.0000
Error on line 38: unexpected command -- R
Error on line 39: G02/03 improperly specified
Error on line 42: G41/42 not followed by H or D
G41 D202
Error on line 44: G41/42 not followed by H or D
G41 H03
G42 D07
G43 Z14.4000 H09
G44  H08
Error on line 51: G43/G44 not followed by H register
Error on line 52: G43/G44 not followed by H register
G52
G52 X9.0000
G52 X9.0000 Y17.0000
G52 X1.0000 Y1.0000 Z1.0000
Error on line 59: two x-values
Error on line 62: unknown G-code: 89
Error on line 63: unknown G-code: 72
M03 S17
Error on line 67: unknown code: '.'
Error on line 67: unknown code: '4'
M04 S8000
M06 T800
Error on line 71: bad tool change (M06 T?)
Error on line 73: bad spindle speed
Error on line 75: bad subroutine call (M98 P?)
Error on line 77: bad subroutine call (M98 P?)
M04 S1000
